Archive member included because of file (symbol)

c:/program files (x86)/atmel/atmel toolchain/avr8 gcc/native/3.4.1061/avr8-gnu-toolchain/bin/../lib/gcc/avr/4.8.1/avr4\libgcc.a(_exit.o)
                              c:/program files (x86)/atmel/atmel toolchain/avr8 gcc/native/3.4.1061/avr8-gnu-toolchain/bin/../lib/gcc/avr/4.8.1/../../../../avr/lib/avr4/crtm8.o (exit)
c:/program files (x86)/atmel/atmel toolchain/avr8 gcc/native/3.4.1061/avr8-gnu-toolchain/bin/../lib/gcc/avr/4.8.1/avr4\libgcc.a(_copy_data.o)
                              Files/USART.o (__do_copy_data)
c:/program files (x86)/atmel/atmel toolchain/avr8 gcc/native/3.4.1061/avr8-gnu-toolchain/bin/../lib/gcc/avr/4.8.1/avr4\libgcc.a(_clear_bss.o)
                              RC_Car_Software.o (__do_clear_bss)

Discarded input sections

 .data          0x00000000        0x0 c:/program files (x86)/atmel/atmel toolchain/avr8 gcc/native/3.4.1061/avr8-gnu-toolchain/bin/../lib/gcc/avr/4.8.1/../../../../avr/lib/avr4/crtm8.o
 .bss           0x00000000        0x0 c:/program files (x86)/atmel/atmel toolchain/avr8 gcc/native/3.4.1061/avr8-gnu-toolchain/bin/../lib/gcc/avr/4.8.1/../../../../avr/lib/avr4/crtm8.o
 .text          0x00000000        0x0 Files/ADC.o
 .data          0x00000000        0x0 Files/ADC.o
 .bss           0x00000000        0x0 Files/ADC.o
 .text          0x00000000        0x0 Files/BLINKY.o
 .data          0x00000000        0x0 Files/BLINKY.o
 .bss           0x00000000        0x0 Files/BLINKY.o
 .text.blink_LED
                0x00000000       0x2a Files/BLINKY.o
 .debug_info    0x00000000      0x140 Files/BLINKY.o
 .debug_abbrev  0x00000000       0xcf Files/BLINKY.o
 .debug_aranges
                0x00000000       0x20 Files/BLINKY.o
 .debug_ranges  0x00000000       0x10 Files/BLINKY.o
 .debug_line    0x00000000      0x135 Files/BLINKY.o
 .debug_str     0x00000000      0x1b1 Files/BLINKY.o
 .comment       0x00000000       0x31 Files/BLINKY.o
 .debug_frame   0x00000000       0x24 Files/BLINKY.o
 .text          0x00000000        0x0 Files/EEPROM.o
 .data          0x00000000        0x0 Files/EEPROM.o
 .bss           0x00000000        0x0 Files/EEPROM.o
 .text.EEPROM_ONCHIP_write
                0x00000000       0x10 Files/EEPROM.o
 .text.EEPROM_ONCHIP_read
                0x00000000        0xe Files/EEPROM.o
 .text.EEPROM_read
                0x00000000       0x56 Files/EEPROM.o
 .text          0x00000000        0x0 Files/EE_INTEGRATION.o
 .data          0x00000000        0x0 Files/EE_INTEGRATION.o
 .bss           0x00000000        0x0 Files/EE_INTEGRATION.o
 .text.CPE_RELAY_Test
                0x00000000       0x2a Files/EE_INTEGRATION.o
 .text          0x00000000        0x0 Files/PID_CONTROLLER.o
 .data          0x00000000        0x0 Files/PID_CONTROLLER.o
 .bss           0x00000000        0x0 Files/PID_CONTROLLER.o
 .text.PID      0x00000000        0x2 Files/PID_CONTROLLER.o
 .text          0x00000000        0x0 Files/TWI.o
 .data          0x00000000        0x0 Files/TWI.o
 .bss           0x00000000        0x0 Files/TWI.o
 .text.TWI_ReadACK
                0x00000000        0xe Files/TWI.o
 .text.TWI_ReadNACK
                0x00000000        0xe Files/TWI.o
 .text          0x00000000        0x0 Files/USART.o
 .data          0x00000000        0x0 Files/USART.o
 .bss           0x00000000        0x0 Files/USART.o
 .text.ascii2hex
                0x00000000        0xc Files/USART.o
 .text.GetC     0x00000000        0x8 Files/USART.o
 .text.EchoC    0x00000000        0xe Files/USART.o
 .text          0x00000000        0x0 RC_Car_Software.o
 .data          0x00000000        0x0 RC_Car_Software.o
 .bss           0x00000000        0x0 RC_Car_Software.o
 .text.Transmit_ONCHIP_EEPROM
                0x00000000       0x3c RC_Car_Software.o
 .text.Transmit_EEPROM
                0x00000000       0x7a RC_Car_Software.o
 .bss.BYTE_COUNT
                0x00000000        0x2 RC_Car_Software.o
 .text          0x00000000        0x0 c:/program files (x86)/atmel/atmel toolchain/avr8 gcc/native/3.4.1061/avr8-gnu-toolchain/bin/../lib/gcc/avr/4.8.1/avr4\libgcc.a(_exit.o)
 .data          0x00000000        0x0 c:/program files (x86)/atmel/atmel toolchain/avr8 gcc/native/3.4.1061/avr8-gnu-toolchain/bin/../lib/gcc/avr/4.8.1/avr4\libgcc.a(_exit.o)
 .bss           0x00000000        0x0 c:/program files (x86)/atmel/atmel toolchain/avr8 gcc/native/3.4.1061/avr8-gnu-toolchain/bin/../lib/gcc/avr/4.8.1/avr4\libgcc.a(_exit.o)
 .text.libgcc.mul
                0x00000000        0x0 c:/program files (x86)/atmel/atmel toolchain/avr8 gcc/native/3.4.1061/avr8-gnu-toolchain/bin/../lib/gcc/avr/4.8.1/avr4\libgcc.a(_exit.o)
 .text.libgcc.div
                0x00000000        0x0 c:/program files (x86)/atmel/atmel toolchain/avr8 gcc/native/3.4.1061/avr8-gnu-toolchain/bin/../lib/gcc/avr/4.8.1/avr4\libgcc.a(_exit.o)
 .text.libgcc   0x00000000        0x0 c:/program files (x86)/atmel/atmel toolchain/avr8 gcc/native/3.4.1061/avr8-gnu-toolchain/bin/../lib/gcc/avr/4.8.1/avr4\libgcc.a(_exit.o)
 .text.libgcc.prologue
                0x00000000        0x0 c:/program files (x86)/atmel/atmel toolchain/avr8 gcc/native/3.4.1061/avr8-gnu-toolchain/bin/../lib/gcc/avr/4.8.1/avr4\libgcc.a(_exit.o)
 .text.libgcc.builtins
                0x00000000        0x0 c:/program files (x86)/atmel/atmel toolchain/avr8 gcc/native/3.4.1061/avr8-gnu-toolchain/bin/../lib/gcc/avr/4.8.1/avr4\libgcc.a(_exit.o)
 .text.libgcc.fmul
                0x00000000        0x0 c:/program files (x86)/atmel/atmel toolchain/avr8 gcc/native/3.4.1061/avr8-gnu-toolchain/bin/../lib/gcc/avr/4.8.1/avr4\libgcc.a(_exit.o)
 .text.libgcc.fixed
                0x00000000        0x0 c:/program files (x86)/atmel/atmel toolchain/avr8 gcc/native/3.4.1061/avr8-gnu-toolchain/bin/../lib/gcc/avr/4.8.1/avr4\libgcc.a(_exit.o)
 .text          0x00000000        0x0 c:/program files (x86)/atmel/atmel toolchain/avr8 gcc/native/3.4.1061/avr8-gnu-toolchain/bin/../lib/gcc/avr/4.8.1/avr4\libgcc.a(_copy_data.o)
 .data          0x00000000        0x0 c:/program files (x86)/atmel/atmel toolchain/avr8 gcc/native/3.4.1061/avr8-gnu-toolchain/bin/../lib/gcc/avr/4.8.1/avr4\libgcc.a(_copy_data.o)
 .bss           0x00000000        0x0 c:/program files (x86)/atmel/atmel toolchain/avr8 gcc/native/3.4.1061/avr8-gnu-toolchain/bin/../lib/gcc/avr/4.8.1/avr4\libgcc.a(_copy_data.o)
 .text.libgcc.mul
                0x00000000        0x0 c:/program files (x86)/atmel/atmel toolchain/avr8 gcc/native/3.4.1061/avr8-gnu-toolchain/bin/../lib/gcc/avr/4.8.1/avr4\libgcc.a(_copy_data.o)
 .text.libgcc.div
                0x00000000        0x0 c:/program files (x86)/atmel/atmel toolchain/avr8 gcc/native/3.4.1061/avr8-gnu-toolchain/bin/../lib/gcc/avr/4.8.1/avr4\libgcc.a(_copy_data.o)
 .text.libgcc   0x00000000        0x0 c:/program files (x86)/atmel/atmel toolchain/avr8 gcc/native/3.4.1061/avr8-gnu-toolchain/bin/../lib/gcc/avr/4.8.1/avr4\libgcc.a(_copy_data.o)
 .text.libgcc.prologue
                0x00000000        0x0 c:/program files (x86)/atmel/atmel toolchain/avr8 gcc/native/3.4.1061/avr8-gnu-toolchain/bin/../lib/gcc/avr/4.8.1/avr4\libgcc.a(_copy_data.o)
 .text.libgcc.builtins
                0x00000000        0x0 c:/program files (x86)/atmel/atmel toolchain/avr8 gcc/native/3.4.1061/avr8-gnu-toolchain/bin/../lib/gcc/avr/4.8.1/avr4\libgcc.a(_copy_data.o)
 .text.libgcc.fmul
                0x00000000        0x0 c:/program files (x86)/atmel/atmel toolchain/avr8 gcc/native/3.4.1061/avr8-gnu-toolchain/bin/../lib/gcc/avr/4.8.1/avr4\libgcc.a(_copy_data.o)
 .text.libgcc.fixed
                0x00000000        0x0 c:/program files (x86)/atmel/atmel toolchain/avr8 gcc/native/3.4.1061/avr8-gnu-toolchain/bin/../lib/gcc/avr/4.8.1/avr4\libgcc.a(_copy_data.o)
 .text          0x00000000        0x0 c:/program files (x86)/atmel/atmel toolchain/avr8 gcc/native/3.4.1061/avr8-gnu-toolchain/bin/../lib/gcc/avr/4.8.1/avr4\libgcc.a(_clear_bss.o)
 .data          0x00000000        0x0 c:/program files (x86)/atmel/atmel toolchain/avr8 gcc/native/3.4.1061/avr8-gnu-toolchain/bin/../lib/gcc/avr/4.8.1/avr4\libgcc.a(_clear_bss.o)
 .bss           0x00000000        0x0 c:/program files (x86)/atmel/atmel toolchain/avr8 gcc/native/3.4.1061/avr8-gnu-toolchain/bin/../lib/gcc/avr/4.8.1/avr4\libgcc.a(_clear_bss.o)
 .text.libgcc.mul
                0x00000000        0x0 c:/program files (x86)/atmel/atmel toolchain/avr8 gcc/native/3.4.1061/avr8-gnu-toolchain/bin/../lib/gcc/avr/4.8.1/avr4\libgcc.a(_clear_bss.o)
 .text.libgcc.div
                0x00000000        0x0 c:/program files (x86)/atmel/atmel toolchain/avr8 gcc/native/3.4.1061/avr8-gnu-toolchain/bin/../lib/gcc/avr/4.8.1/avr4\libgcc.a(_clear_bss.o)
 .text.libgcc   0x00000000        0x0 c:/program files (x86)/atmel/atmel toolchain/avr8 gcc/native/3.4.1061/avr8-gnu-toolchain/bin/../lib/gcc/avr/4.8.1/avr4\libgcc.a(_clear_bss.o)
 .text.libgcc.prologue
                0x00000000        0x0 c:/program files (x86)/atmel/atmel toolchain/avr8 gcc/native/3.4.1061/avr8-gnu-toolchain/bin/../lib/gcc/avr/4.8.1/avr4\libgcc.a(_clear_bss.o)
 .text.libgcc.builtins
                0x00000000        0x0 c:/program files (x86)/atmel/atmel toolchain/avr8 gcc/native/3.4.1061/avr8-gnu-toolchain/bin/../lib/gcc/avr/4.8.1/avr4\libgcc.a(_clear_bss.o)
 .text.libgcc.fmul
                0x00000000        0x0 c:/program files (x86)/atmel/atmel toolchain/avr8 gcc/native/3.4.1061/avr8-gnu-toolchain/bin/../lib/gcc/avr/4.8.1/avr4\libgcc.a(_clear_bss.o)
 .text.libgcc.fixed
                0x00000000        0x0 c:/program files (x86)/atmel/atmel toolchain/avr8 gcc/native/3.4.1061/avr8-gnu-toolchain/bin/../lib/gcc/avr/4.8.1/avr4\libgcc.a(_clear_bss.o)

Memory Configuration

Name             Origin             Length             Attributes
text             0x00000000         0x00002000         xr
data             0x00800060         0x0000ffa0         rw !x
eeprom           0x00810000         0x00010000         rw !x
fuse             0x00820000         0x00000400         rw !x
lock             0x00830000         0x00000400         rw !x
signature        0x00840000         0x00000400         rw !x
user_signatures  0x00850000         0x00000400         rw !x
*default*        0x00000000         0xffffffff

Linker script and memory map

LOAD c:/program files (x86)/atmel/atmel toolchain/avr8 gcc/native/3.4.1061/avr8-gnu-toolchain/bin/../lib/gcc/avr/4.8.1/../../../../avr/lib/avr4/crtm8.o
LOAD Files/ADC.o
LOAD Files/BLINKY.o
LOAD Files/EEPROM.o
LOAD Files/EE_INTEGRATION.o
LOAD Files/PID_CONTROLLER.o
LOAD Files/TWI.o
LOAD Files/USART.o
LOAD RC_Car_Software.o
START GROUP
LOAD c:/program files (x86)/atmel/atmel toolchain/avr8 gcc/native/3.4.1061/avr8-gnu-toolchain/bin/../lib/gcc/avr/4.8.1/../../../../avr/lib/avr4\libm.a
END GROUP
START GROUP
LOAD c:/program files (x86)/atmel/atmel toolchain/avr8 gcc/native/3.4.1061/avr8-gnu-toolchain/bin/../lib/gcc/avr/4.8.1/avr4\libgcc.a
LOAD c:/program files (x86)/atmel/atmel toolchain/avr8 gcc/native/3.4.1061/avr8-gnu-toolchain/bin/../lib/gcc/avr/4.8.1/../../../../avr/lib/avr4\libm.a
LOAD c:/program files (x86)/atmel/atmel toolchain/avr8 gcc/native/3.4.1061/avr8-gnu-toolchain/bin/../lib/gcc/avr/4.8.1/../../../../avr/lib/avr4\libc.a
END GROUP

.hash
 *(.hash)

.dynsym
 *(.dynsym)

.dynstr
 *(.dynstr)

.gnu.version
 *(.gnu.version)

.gnu.version_d
 *(.gnu.version_d)

.gnu.version_r
 *(.gnu.version_r)

.rel.init
 *(.rel.init)

.rela.init
 *(.rela.init)

.rel.text
 *(.rel.text)
 *(.rel.text.*)
 *(.rel.gnu.linkonce.t*)

.rela.text
 *(.rela.text)
 *(.rela.text.*)
 *(.rela.gnu.linkonce.t*)

.rel.fini
 *(.rel.fini)

.rela.fini
 *(.rela.fini)

.rel.rodata
 *(.rel.rodata)
 *(.rel.rodata.*)
 *(.rel.gnu.linkonce.r*)

.rela.rodata
 *(.rela.rodata)
 *(.rela.rodata.*)
 *(.rela.gnu.linkonce.r*)

.rel.data
 *(.rel.data)
 *(.rel.data.*)
 *(.rel.gnu.linkonce.d*)

.rela.data
 *(.rela.data)
 *(.rela.data.*)
 *(.rela.gnu.linkonce.d*)

.rel.ctors
 *(.rel.ctors)

.rela.ctors
 *(.rela.ctors)

.rel.dtors
 *(.rel.dtors)

.rela.dtors
 *(.rela.dtors)

.rel.got
 *(.rel.got)

.rela.got
 *(.rela.got)

.rel.bss
 *(.rel.bss)

.rela.bss
 *(.rela.bss)

.rel.plt
 *(.rel.plt)

.rela.plt
 *(.rela.plt)

.text           0x00000000      0x3a8
 *(.vectors)
 .vectors       0x00000000       0x26 c:/program files (x86)/atmel/atmel toolchain/avr8 gcc/native/3.4.1061/avr8-gnu-toolchain/bin/../lib/gcc/avr/4.8.1/../../../../avr/lib/avr4/crtm8.o
                0x00000000                __vector_default
                0x00000000                __vectors
 *(.vectors)
 *(.progmem.gcc*)
                0x00000026                . = ALIGN (0x2)
                0x00000026                __trampolines_start = .
 *(.trampolines)
 .trampolines   0x00000026        0x0 linker stubs
 *(.trampolines*)
                0x00000026                __trampolines_end = .
 *(.progmem*)
                0x00000026                . = ALIGN (0x2)
 *(.jumptables)
 *(.jumptables*)
 *(.lowtext)
 *(.lowtext*)
                0x00000026                __ctors_start = .
 *(.ctors)
                0x00000026                __ctors_end = .
                0x00000026                __dtors_start = .
 *(.dtors)
                0x00000026                __dtors_end = .
 SORT(*)(.ctors)
 SORT(*)(.dtors)
 *(.init0)
 .init0         0x00000026        0x0 c:/program files (x86)/atmel/atmel toolchain/avr8 gcc/native/3.4.1061/avr8-gnu-toolchain/bin/../lib/gcc/avr/4.8.1/../../../../avr/lib/avr4/crtm8.o
                0x00000026                __init
 *(.init0)
 *(.init1)
 *(.init1)
 *(.init2)
 .init2         0x00000026        0xc c:/program files (x86)/atmel/atmel toolchain/avr8 gcc/native/3.4.1061/avr8-gnu-toolchain/bin/../lib/gcc/avr/4.8.1/../../../../avr/lib/avr4/crtm8.o
 *(.init2)
 *(.init3)
 *(.init3)
 *(.init4)
 .init4         0x00000032       0x16 c:/program files (x86)/atmel/atmel toolchain/avr8 gcc/native/3.4.1061/avr8-gnu-toolchain/bin/../lib/gcc/avr/4.8.1/avr4\libgcc.a(_copy_data.o)
                0x00000032                __do_copy_data
 .init4         0x00000048       0x10 c:/program files (x86)/atmel/atmel toolchain/avr8 gcc/native/3.4.1061/avr8-gnu-toolchain/bin/../lib/gcc/avr/4.8.1/avr4\libgcc.a(_clear_bss.o)
                0x00000048                __do_clear_bss
 *(.init4)
 *(.init5)
 *(.init5)
 *(.init6)
 *(.init6)
 *(.init7)
 *(.init7)
 *(.init8)
 *(.init8)
 *(.init9)
 .init9         0x00000058        0x4 c:/program files (x86)/atmel/atmel toolchain/avr8 gcc/native/3.4.1061/avr8-gnu-toolchain/bin/../lib/gcc/avr/4.8.1/../../../../avr/lib/avr4/crtm8.o
 *(.init9)
 *(.text)
 .text          0x0000005c        0x2 c:/program files (x86)/atmel/atmel toolchain/avr8 gcc/native/3.4.1061/avr8-gnu-toolchain/bin/../lib/gcc/avr/4.8.1/../../../../avr/lib/avr4/crtm8.o
                0x0000005c                __vector_12
                0x0000005c                __bad_interrupt
                0x0000005c                __vector_6
                0x0000005c                __vector_3
                0x0000005c                __vector_11
                0x0000005c                __vector_13
                0x0000005c                __vector_17
                0x0000005c                __vector_7
                0x0000005c                __vector_5
                0x0000005c                __vector_4
                0x0000005c                __vector_2
                0x0000005c                __vector_15
                0x0000005c                __vector_8
                0x0000005c                __vector_10
                0x0000005c                __vector_16
                0x0000005c                __vector_18
                0x0000005e                . = ALIGN (0x2)
 *(.text.*)
 .text.ADC_Init
                0x0000005e        0xa Files/ADC.o
                0x0000005e                ADC_Init
 .text.ReadADC  0x00000068        0x4 Files/ADC.o
                0x00000068                ReadADC
 .text.EEPROM_write
                0x0000006c       0x60 Files/EEPROM.o
                0x0000006c                EEPROM_write
 .text.CPE_RELAY_Init
                0x000000cc        0x4 Files/EE_INTEGRATION.o
                0x000000cc                CPE_RELAY_Init
 .text.Phase_Corrected_PWM_Init
                0x000000d0       0x16 Files/PID_CONTROLLER.o
                0x000000d0                Phase_Corrected_PWM_Init
 .text.TWI_Init
                0x000000e6        0x4 Files/TWI.o
                0x000000e6                TWI_Init
 .text.TWI_Start
                0x000000ea        0xc Files/TWI.o
                0x000000ea                TWI_Start
 .text.TWI_Stop
                0x000000f6        0x6 Files/TWI.o
                0x000000f6                TWI_Stop
 .text.TWI_Write
                0x000000fc        0xe Files/TWI.o
                0x000000fc                TWI_Write
 .text.TWI_Status
                0x0000010a        0x6 Files/TWI.o
                0x0000010a                TWI_Status
 .text.hex2ascii
                0x00000110       0x24 Files/USART.o
                0x00000110                hex2ascii
 .text.PutC     0x00000134        0x8 Files/USART.o
                0x00000134                PutC
 .text.PutS     0x0000013c       0x1c Files/USART.o
                0x0000013c                PutS
 .text.USART_Init
                0x00000158        0xe Files/USART.o
                0x00000158                USART_Init
 .text.HEX_USART
                0x00000166       0x2a Files/USART.o
                0x00000166                HEX_USART
 .text.__vector_14
                0x00000190       0xa6 RC_Car_Software.o
                0x00000190                __vector_14
 .text.__vector_1
                0x00000236       0x1c RC_Car_Software.o
                0x00000236                __vector_1
 .text.__vector_9
                0x00000252       0x46 RC_Car_Software.o
                0x00000252                __vector_9
 .text.TIMER0_Init
                0x00000298       0x12 RC_Car_Software.o
                0x00000298                TIMER0_Init
 .text.INT0_Init
                0x000002aa       0x14 RC_Car_Software.o
                0x000002aa                INT0_Init
 .text.ISR_Init
                0x000002be        0xa RC_Car_Software.o
                0x000002be                ISR_Init
 .text.Peripherals_Init
                0x000002c8       0x14 RC_Car_Software.o
                0x000002c8                Peripherals_Init
 .text.Determine_Operation_Mode
                0x000002dc       0x32 RC_Car_Software.o
                0x000002dc                Determine_Operation_Mode
 .text.main     0x0000030e       0x96 RC_Car_Software.o
                0x0000030e                main
                0x000003a4                . = ALIGN (0x2)
 *(.fini9)
 .fini9         0x000003a4        0x0 c:/program files (x86)/atmel/atmel toolchain/avr8 gcc/native/3.4.1061/avr8-gnu-toolchain/bin/../lib/gcc/avr/4.8.1/avr4\libgcc.a(_exit.o)
                0x000003a4                _exit
                0x000003a4                exit
 *(.fini9)
 *(.fini8)
 *(.fini8)
 *(.fini7)
 *(.fini7)
 *(.fini6)
 *(.fini6)
 *(.fini5)
 *(.fini5)
 *(.fini4)
 *(.fini4)
 *(.fini3)
 *(.fini3)
 *(.fini2)
 *(.fini2)
 *(.fini1)
 *(.fini1)
 *(.fini0)
 .fini0         0x000003a4        0x4 c:/program files (x86)/atmel/atmel toolchain/avr8 gcc/native/3.4.1061/avr8-gnu-toolchain/bin/../lib/gcc/avr/4.8.1/avr4\libgcc.a(_exit.o)
 *(.fini0)
                0x000003a8                _etext = .

.data           0x00800060       0x52 load address 0x000003a8
                0x00800060                PROVIDE (__data_start, .)
 *(.data)
 *(.data*)
 .data.OPERATION_MODE
                0x00800060        0x1 RC_Car_Software.o
                0x00800060                OPERATION_MODE
 .data.ADC_VALUE_2
                0x00800061        0x1 RC_Car_Software.o
                0x00800061                ADC_VALUE_2
 .data.ADC_VALUE_1
                0x00800062        0x1 RC_Car_Software.o
                0x00800062                ADC_VALUE_1
 .data.ADC_VALUE_0
                0x00800063        0x1 RC_Car_Software.o
                0x00800063                ADC_VALUE_0
 *(.rodata)
 *(.rodata*)
 .rodata.asctab
                0x00800064       0x11 Files/USART.o
 .rodata.str1.1
                0x00800075       0x3c RC_Car_Software.o
 *(.gnu.linkonce.d*)
                0x008000b2                . = ALIGN (0x2)
 *fill*         0x008000b1        0x1 
                0x008000b2                _edata = .
                0x008000b2                PROVIDE (__data_end, .)

.bss            0x008000b2        0x8
                0x008000b2                PROVIDE (__bss_start, .)
 *(.bss)
 *(.bss*)
 .bss.ADC_SELECT.1643
                0x008000b2        0x2 RC_Car_Software.o
 .bss.ALLOW_TWI_WRITE
                0x008000b4        0x2 RC_Car_Software.o
                0x008000b4                ALLOW_TWI_WRITE
 .bss.TWI_MEMORY_LOCATION
                0x008000b6        0x2 RC_Car_Software.o
                0x008000b6                TWI_MEMORY_LOCATION
 .bss.OVERFLOW_COUNT
                0x008000b8        0x2 RC_Car_Software.o
                0x008000b8                OVERFLOW_COUNT
 *(COMMON)
                0x008000ba                PROVIDE (__bss_end, .)
                0x000003a8                __data_load_start = LOADADDR (.data)
                0x000003fa                __data_load_end = (__data_load_start + SIZEOF (.data))

.noinit         0x008000ba        0x0
                0x008000ba                PROVIDE (__noinit_start, .)
 *(.noinit*)
                0x008000ba                PROVIDE (__noinit_end, .)
                0x008000ba                _end = .
                0x008000ba                PROVIDE (__heap_start, .)

.eeprom         0x00810000        0x0
 *(.eeprom*)
                0x00810000                __eeprom_end = .

.fuse
 *(.fuse)
 *(.lfuse)
 *(.hfuse)
 *(.efuse)

.lock
 *(.lock*)

.signature
 *(.signature*)

.user_signatures
 *(.user_signatures*)

.stab
 *(.stab)

.stabstr
 *(.stabstr)

.stab.excl
 *(.stab.excl)

.stab.exclstr
 *(.stab.exclstr)

.stab.index
 *(.stab.index)

.stab.indexstr
 *(.stab.indexstr)

.comment        0x00000000       0x30
 *(.comment)
 .comment       0x00000000       0x30 Files/ADC.o
                                 0x31 (size before relaxing)
 .comment       0x00000000       0x31 Files/EEPROM.o
 .comment       0x00000000       0x31 Files/EE_INTEGRATION.o
 .comment       0x00000000       0x31 Files/PID_CONTROLLER.o
 .comment       0x00000000       0x31 Files/TWI.o
 .comment       0x00000000       0x31 Files/USART.o
 .comment       0x00000000       0x31 RC_Car_Software.o

.note.gnu.build-id
 *(.note.gnu.build-id)

.debug
 *(.debug)

.line
 *(.line)

.debug_srcinfo
 *(.debug_srcinfo)

.debug_sfnames
 *(.debug_sfnames)

.debug_aranges  0x00000000      0x1c8
 *(.debug_aranges)
 .debug_aranges
                0x00000000       0x28 Files/ADC.o
 .debug_aranges
                0x00000028       0x38 Files/EEPROM.o
 .debug_aranges
                0x00000060       0x28 Files/EE_INTEGRATION.o
 .debug_aranges
                0x00000088       0x28 Files/PID_CONTROLLER.o
 .debug_aranges
                0x000000b0       0x50 Files/TWI.o
 .debug_aranges
                0x00000100       0x58 Files/USART.o
 .debug_aranges
                0x00000158       0x70 RC_Car_Software.o

.debug_pubnames
 *(.debug_pubnames)

.debug_info     0x00000000     0x1148
 *(.debug_info .gnu.linkonce.wi.*)
 .debug_info    0x00000000       0x9b Files/ADC.o
 .debug_info    0x0000009b      0x40e Files/EEPROM.o
 .debug_info    0x000004a9      0x155 Files/EE_INTEGRATION.o
 .debug_info    0x000005fe       0xf5 Files/PID_CONTROLLER.o
 .debug_info    0x000006f3      0x14f Files/TWI.o
 .debug_info    0x00000842      0x2ca Files/USART.o
 .debug_info    0x00000b0c      0x63c RC_Car_Software.o

.debug_abbrev   0x00000000      0x809
 *(.debug_abbrev)
 .debug_abbrev  0x00000000       0x67 Files/ADC.o
 .debug_abbrev  0x00000067      0x1c8 Files/EEPROM.o
 .debug_abbrev  0x0000022f       0xe5 Files/EE_INTEGRATION.o
 .debug_abbrev  0x00000314       0xb4 Files/PID_CONTROLLER.o
 .debug_abbrev  0x000003c8       0xb6 Files/TWI.o
 .debug_abbrev  0x0000047e      0x195 Files/USART.o
 .debug_abbrev  0x00000613      0x1f6 RC_Car_Software.o

.debug_line     0x00000000      0x99d
 *(.debug_line .debug_line.* .debug_line_end)
 .debug_line    0x00000000       0xbd Files/ADC.o
 .debug_line    0x000000bd      0x1d9 Files/EEPROM.o
 .debug_line    0x00000296      0x14d Files/EE_INTEGRATION.o
 .debug_line    0x000003e3       0xea Files/PID_CONTROLLER.o
 .debug_line    0x000004cd      0x146 Files/TWI.o
 .debug_line    0x00000613      0x163 Files/USART.o
 .debug_line    0x00000776      0x227 RC_Car_Software.o

.debug_frame    0x00000000      0x3b8
 *(.debug_frame)
 .debug_frame   0x00000000       0x34 Files/ADC.o
 .debug_frame   0x00000034       0x7c Files/EEPROM.o
 .debug_frame   0x000000b0       0x34 Files/EE_INTEGRATION.o
 .debug_frame   0x000000e4       0x34 Files/PID_CONTROLLER.o
 .debug_frame   0x00000118       0x84 Files/TWI.o
 .debug_frame   0x0000019c       0xb8 Files/USART.o
 .debug_frame   0x00000254      0x164 RC_Car_Software.o

.debug_str      0x00000000      0x513
 *(.debug_str)
 .debug_str     0x00000000      0x136 Files/ADC.o
                                0x16a (size before relaxing)
 .debug_str     0x00000136      0x133 Files/EEPROM.o
                                0x27d (size before relaxing)
 .debug_str     0x00000269       0x47 Files/EE_INTEGRATION.o
                                0x1cd (size before relaxing)
 .debug_str     0x000002b0       0x65 Files/PID_CONTROLLER.o
                                0x1be (size before relaxing)
 .debug_str     0x00000315       0x34 Files/TWI.o
                                0x1bd (size before relaxing)
 .debug_str     0x00000349       0x60 Files/USART.o
                                0x1c4 (size before relaxing)
 .debug_str     0x000003a9      0x16a RC_Car_Software.o
                                0x383 (size before relaxing)

.debug_loc      0x00000000      0x79a
 *(.debug_loc)
 .debug_loc     0x00000000      0x227 Files/EEPROM.o
 .debug_loc     0x00000227       0x4a Files/PID_CONTROLLER.o
 .debug_loc     0x00000271       0x2d Files/TWI.o
 .debug_loc     0x0000029e      0x200 Files/USART.o
 .debug_loc     0x0000049e      0x2fc RC_Car_Software.o

.debug_macinfo
 *(.debug_macinfo)

.debug_weaknames
 *(.debug_weaknames)

.debug_funcnames
 *(.debug_funcnames)

.debug_typenames
 *(.debug_typenames)

.debug_varnames
 *(.debug_varnames)

.debug_pubtypes
 *(.debug_pubtypes)

.debug_ranges   0x00000000      0x170
 *(.debug_ranges)
 .debug_ranges  0x00000000       0x18 Files/ADC.o
 .debug_ranges  0x00000018       0x28 Files/EEPROM.o
 .debug_ranges  0x00000040       0x18 Files/EE_INTEGRATION.o
 .debug_ranges  0x00000058       0x18 Files/PID_CONTROLLER.o
 .debug_ranges  0x00000070       0x40 Files/TWI.o
 .debug_ranges  0x000000b0       0x48 Files/USART.o
 .debug_ranges  0x000000f8       0x78 RC_Car_Software.o

.debug_macro
 *(.debug_macro)
OUTPUT(RC_Car_Software.elf elf32-avr)
LOAD linker stubs
